// Vitest Snapshot v1, https://vitest.dev/guide/snapshot.html

exports[`StyleSystem > .extractAndMerge(...) 1`] = `
{
  "colors": {
    "neutral": {
      "100": {
        "value": "#fafafa",
      },
      "200": {
        "value": "#000000",
      },
    },
    "primary": {
      "100": {
        "value": "#fafafa",
      },
      "200": {
        "value": "#000000",
      },
      "300": {
        "value": "#c3c3c3",
      },
    },
    "secondary": {
      "100": {
        "value": "#fc3666",
      },
      "dark": {
        "100": {
          "value": "#cecece",
        },
        "200": {
          "value": "#d3d3d3",
        },
      },
      "light": {
        "value": "#fefefe",
      },
    },
    "warning": {
      "100": {
        "value": "#fc3666",
      },
      "dark": {
        "200": {
          "value": "#d3d3d3",
        },
      },
    },
  },
}
`;
