// Vitest Snapshot v1, https://vitest.dev/guide/snapshot.html

exports[`Generator > externalDeclaration 1`] = `"@module("@styled/css") external css: ({..}) => string = "css""`;
