// Vitest Snapshot v1, https://vitest.dev/guide/snapshot.html

exports[`Generator > .parseDeclaration(...) 1`] = `
"@module("@styled/css") external css: ({..}) => string = "css"
module Styles = { type t = { person: string }
 }"
`;
